// Jest Snapshot v1, https://goo.gl/fbAQLP

exports[`Controller renders 1`] = `
<div>
  <div
    className="container"
    style={
      Object {
        "left": -11,
        "stroke": null,
        "top": -6,
        "visibility": "visible",
      }
    }
  >
    <div
      className="contents maxDimensions minDimensions"
      tabIndex={-1}
    >
      <div
        className="darkGray caret"
        style={
          Object {
            "bottom": -6,
            "left": 10,
            "right": null,
            "top": null,
          }
        }
      >
        <svg
          height={6}
          width={16}
        >
          <path
            d="M 0 0 L 6 4.5 Q 8 6 10 4.5 L 16 0"
          />
        </svg>
      </div>
      <div
        className="border darkGrayBg darkGray innerContents maxDimensions minDimensions"
        style={
          Object {
            "maxWidth": 230,
          }
        }
      />
    </div>
  </div>
</div>
`;
